PĘTLA RODZINNA start 10:57:11 | budżet 1200 s | 7 sprawdzianów/cykl
  CYKL 1: 7/7 zielone (1194 s do konca)
  CYKL 2: 7/7 zielone (1188 s do konca)
  CYKL 3: 7/7 zielone (1182 s do konca)
  CYKL 4: 7/7 zielone (1177 s do konca)
  CYKL 5: 7/7 zielone (1171 s do konca)
  CYKL 6: 7/7 zielone (1165 s do konca)
  CYKL 7: 7/7 zielone (1159 s do konca)
  CYKL 8: 7/7 zielone (1153 s do konca)
  CYKL 9: 7/7 zielone (1147 s do konca)
  CYKL 10: 7/7 zielone (1141 s do konca)
  CYKL 11: 7/7 zielone (1135 s do konca)
  CYKL 12: 7/7 zielone (1129 s do konca)
  CYKL 13: 7/7 zielone (1124 s do konca)
  CYKL 14: 7/7 zielone (1118 s do konca)
  CYKL 15: 7/7 zielone (1112 s do konca)
  CYKL 16: 7/7 zielone (1106 s do konca)
  CYKL 17: 7/7 zielone (1100 s do konca)
  CYKL 18: 7/7 zielone (1094 s do konca)
  CYKL 19: 7/7 zielone (1088 s do konca)
  CYKL 20: 7/7 zielone (1082 s do konca)
  CYKL 21: 7/7 zielone (1075 s do konca)
  CYKL 22: 7/7 zielone (1069 s do konca)
  CYKL 23: 7/7 zielone (1063 s do konca)
  CYKL 24: 7/7 zielone (1057 s do konca)
  CYKL 25: 7/7 zielone (1050 s do konca)
  CYKL 26: 7/7 zielone (1042 s do konca)
  CYKL 27: 7/7 zielone (1034 s do konca)
  CYKL 28: 7/7 zielone (1026 s do konca)
  CYKL 29: 7/7 zielone (1019 s do konca)
  CYKL 30: 7/7 zielone (1013 s do konca)
  CYKL 31: 7/7 zielone (1007 s do konca)
  CYKL 32: 7/7 zielone (1001 s do konca)
  CYKL 33: 7/7 zielone (995 s do konca)
  CYKL 34: 7/7 zielone (989 s do konca)
  CYKL 35: 7/7 zielone (983 s do konca)
  CYKL 36: 7/7 zielone (977 s do konca)
  CYKL 37: 7/7 zielone (971 s do konca)
  CYKL 38: 7/7 zielone (965 s do konca)
  CYKL 39: 7/7 zielone (959 s do konca)
  CYKL 40: 7/7 zielone (952 s do konca)
  CYKL 41: 7/7 zielone (946 s do konca)
  CYKL 42: 7/7 zielone (940 s do konca)
  CYKL 43: 7/7 zielone (934 s do konca)
  CYKL 44: 7/7 zielone (928 s do konca)
  CYKL 45: 7/7 zielone (922 s do konca)
  CYKL 46: 7/7 zielone (916 s do konca)
  CYKL 47: 7/7 zielone (910 s do konca)
  CYKL 48: 7/7 zielone (904 s do konca)
  CYKL 49: 7/7 zielone (898 s do konca)
  CYKL 50: 7/7 zielone (892 s do konca)
  CYKL 51: 7/7 zielone (886 s do konca)
  CYKL 52: 7/7 zielone (880 s do konca)
  CYKL 53: 7/7 zielone (874 s do konca)
  CYKL 54: 7/7 zielone (868 s do konca)
  CYKL 55: 7/7 zielone (862 s do konca)
  CYKL 56: 7/7 zielone (856 s do konca)
  CYKL 57: 7/7 zielone (850 s do konca)
  CYKL 58: 7/7 zielone (844 s do konca)
  CYKL 59: 7/7 zielone (838 s do konca)
  CYKL 60: 7/7 zielone (832 s do konca)
  CYKL 61: 7/7 zielone (826 s do konca)
  CYKL 62: 7/7 zielone (821 s do konca)
  CYKL 63: 7/7 zielone (815 s do konca)
  CYKL 64: 7/7 zielone (809 s do konca)
  CYKL 65: 7/7 zielone (803 s do konca)
  CYKL 66: 7/7 zielone (797 s do konca)
  CYKL 67: 7/7 zielone (792 s do konca)
  CYKL 68: 7/7 zielone (786 s do konca)
  CYKL 69: 7/7 zielone (780 s do konca)
  CYKL 70: 7/7 zielone (774 s do konca)
  CYKL 71: 7/7 zielone (768 s do konca)
  CYKL 72: 7/7 zielone (762 s do konca)
  CYKL 73: 7/7 zielone (756 s do konca)
  CYKL 74: 7/7 zielone (750 s do konca)
  CYKL 75: 7/7 zielone (745 s do konca)
  CYKL 76: 7/7 zielone (739 s do konca)
  CYKL 77: 7/7 zielone (733 s do konca)
  CYKL 78: 7/7 zielone (727 s do konca)
  CYKL 79: 7/7 zielone (721 s do konca)
  CYKL 80: 7/7 zielone (715 s do konca)
  CYKL 81: 7/7 zielone (709 s do konca)
  CYKL 82: 7/7 zielone (703 s do konca)
  CYKL 83: 7/7 zielone (697 s do konca)
  CYKL 84: 7/7 zielone (691 s do konca)
  CYKL 85: 7/7 zielone (685 s do konca)
  CYKL 86: 7/7 zielone (680 s do konca)
  CYKL 87: 7/7 zielone (674 s do konca)
  CYKL 88: 7/7 zielone (668 s do konca)
  CYKL 89: 7/7 zielone (662 s do konca)
  CYKL 90: 7/7 zielone (656 s do konca)
  CYKL 91: 7/7 zielone (650 s do konca)
  CYKL 92: 7/7 zielone (644 s do konca)
  CYKL 93: 7/7 zielone (638 s do konca)
  CYKL 94: 7/7 zielone (632 s do konca)
  CYKL 95: 7/7 zielone (626 s do konca)
  CYKL 96: 7/7 zielone (620 s do konca)
  CYKL 97: 7/7 zielone (614 s do konca)
  CYKL 98: 7/7 zielone (608 s do konca)
  CYKL 99: 7/7 zielone (602 s do konca)
  CYKL 100: 7/7 zielone (596 s do konca)
  CYKL 101: 7/7 zielone (590 s do konca)
  CYKL 102: 7/7 zielone (584 s do konca)
  CYKL 103: 7/7 zielone (578 s do konca)
  CYKL 104: 7/7 zielone (572 s do konca)
  CYKL 105: 7/7 zielone (566 s do konca)
  CYKL 106: 7/7 zielone (560 s do konca)
  CYKL 107: 7/7 zielone (554 s do konca)
  CYKL 108: 7/7 zielone (548 s do konca)
  CYKL 109: 7/7 zielone (542 s do konca)
  CYKL 110: 7/7 zielone (536 s do konca)
  CYKL 111: 7/7 zielone (530 s do konca)
  CYKL 112: 7/7 zielone (524 s do konca)
  CYKL 113: 7/7 zielone (518 s do konca)
  CYKL 114: 7/7 zielone (512 s do konca)
  CYKL 115: 7/7 zielone (506 s do konca)
  CYKL 116: 7/7 zielone (500 s do konca)
  CYKL 117: 7/7 zielone (494 s do konca)
  CYKL 118: 7/7 zielone (488 s do konca)
  CYKL 119: 7/7 zielone (482 s do konca)
  CYKL 120: 7/7 zielone (476 s do konca)
  CYKL 121: 7/7 zielone (469 s do konca)
  CYKL 122: 7/7 zielone (464 s do konca)
  CYKL 123: 7/7 zielone (457 s do konca)
  CYKL 124: 7/7 zielone (451 s do konca)
  CYKL 125: 7/7 zielone (446 s do konca)
  CYKL 126: 7/7 zielone (440 s do konca)
  CYKL 127: 7/7 zielone (434 s do konca)
  CYKL 128: 7/7 zielone (428 s do konca)
  CYKL 129: 7/7 zielone (422 s do konca)
  CYKL 130: 7/7 zielone (416 s do konca)
  CYKL 131: 7/7 zielone (410 s do konca)
  CYKL 132: 7/7 zielone (405 s do konca)
  CYKL 133: 7/7 zielone (399 s do konca)
  CYKL 134: 7/7 zielone (393 s do konca)
  CYKL 135: 7/7 zielone (387 s do konca)
  CYKL 136: 7/7 zielone (381 s do konca)
  CYKL 137: 7/7 zielone (375 s do konca)
  CYKL 138: 7/7 zielone (369 s do konca)
  CYKL 139: 7/7 zielone (363 s do konca)
  CYKL 140: 7/7 zielone (357 s do konca)
  CYKL 141: 7/7 zielone (351 s do konca)
  CYKL 142: 7/7 zielone (345 s do konca)
  CYKL 143: 7/7 zielone (339 s do konca)
  CYKL 144: 7/7 zielone (333 s do konca)
  CYKL 145: 7/7 zielone (327 s do konca)
  CYKL 146: 7/7 zielone (322 s do konca)
  CYKL 147: 7/7 zielone (316 s do konca)
  CYKL 148: 7/7 zielone (309 s do konca)
  CYKL 149: 7/7 zielone (303 s do konca)
  CYKL 150: 7/7 zielone (297 s do konca)
  CYKL 151: 7/7 zielone (291 s do konca)
  CYKL 152: 7/7 zielone (285 s do konca)
  CYKL 153: 7/7 zielone (279 s do konca)
  CYKL 154: 7/7 zielone (273 s do konca)
  CYKL 155: 7/7 zielone (267 s do konca)
  CYKL 156: 7/7 zielone (261 s do konca)
  CYKL 157: 7/7 zielone (255 s do konca)
  CYKL 158: 7/7 zielone (249 s do konca)
  CYKL 159: 7/7 zielone (242 s do konca)
  CYKL 160: 7/7 zielone (236 s do konca)
  CYKL 161: 7/7 zielone (230 s do konca)
  CYKL 162: 7/7 zielone (225 s do konca)
  CYKL 163: 7/7 zielone (219 s do konca)
  CYKL 164: 7/7 zielone (213 s do konca)
  CYKL 165: 7/7 zielone (207 s do konca)
  CYKL 166: 7/7 zielone (201 s do konca)
  CYKL 167: 7/7 zielone (195 s do konca)
  CYKL 168: 7/7 zielone (189 s do konca)
  CYKL 169: 7/7 zielone (183 s do konca)
  CYKL 170: 7/7 zielone (177 s do konca)
  CYKL 171: 7/7 zielone (171 s do konca)
  CYKL 172: 7/7 zielone (165 s do konca)
  CYKL 173: 7/7 zielone (159 s do konca)
  CYKL 174: 7/7 zielone (151 s do konca)
  CYKL 175: 7/7 zielone (144 s do konca)
  CYKL 176: 7/7 zielone (137 s do konca)
  CYKL 177: 7/7 zielone (131 s do konca)
  CYKL 178: 7/7 zielone (124 s do konca)
  CYKL 179: 7/7 zielone (117 s do konca)
  CYKL 180: 7/7 zielone (110 s do konca)
  CYKL 181: 7/7 zielone (103 s do konca)
  CYKL 182: 7/7 zielone (96 s do konca)
  CYKL 183: 7/7 zielone (90 s do konca)
  CYKL 184: 7/7 zielone (84 s do konca)
  CYKL 185: 7/7 zielone (78 s do konca)
  CYKL 186: 7/7 zielone (72 s do konca)
  CYKL 187: 7/7 zielone (66 s do konca)
  CYKL 188: 7/7 zielone (60 s do konca)
  CYKL 189: 7/7 zielone (54 s do konca)
  CYKL 190: 7/7 zielone (48 s do konca)
  CYKL 191: 7/7 zielone (43 s do konca)
  CYKL 192: 7/7 zielone (37 s do konca)
  CYKL 193: 7/7 zielone (31 s do konca)
  CYKL 194: 7/7 zielone (25 s do konca)
  CYKL 195: 7/7 zielone (19 s do konca)
  CYKL 196: 7/7 zielone (14 s do konca)
  CYKL 197: 7/7 zielone (8 s do konca)
  CYKL 198: 7/7 zielone (2 s do konca)
  CYKL 199: 7/7 zielone (-4 s do konca)
==================================================================
BUDŻET ODMACHANY: cykli 199 | sprawdzianów 1393 | awarie 0 | 1204 s
